Archive member included to satisfy reference by file (symbol)

e:/ac6/systemworkbench/plugins/fr.ac6.mcu.externaltools.arm-none.win32_1.17.0.201812190825/tools/compiler/bin/../lib/gcc/arm-none-eabi/7.3.1/../../../../arm-none-eabi/lib/thumb/v7e-m/fpv4-sp/hard\libc.a(lib_a-errno.o)
                              src/syscalls.o (__errno)
e:/ac6/systemworkbench/plugins/fr.ac6.mcu.externaltools.arm-none.win32_1.17.0.201812190825/tools/compiler/bin/../lib/gcc/arm-none-eabi/7.3.1/../../../../arm-none-eabi/lib/thumb/v7e-m/fpv4-sp/hard\libc.a(lib_a-exit.o)
                              e:/ac6/systemworkbench/plugins/fr.ac6.mcu.externaltools.arm-none.win32_1.17.0.201812190825/tools/compiler/bin/../lib/gcc/arm-none-eabi/7.3.1/../../../../arm-none-eabi/lib/thumb/v7e-m/fpv4-sp/hard/crt0.o (exit)
e:/ac6/systemworkbench/plugins/fr.ac6.mcu.externaltools.arm-none.win32_1.17.0.201812190825/tools/compiler/bin/../lib/gcc/arm-none-eabi/7.3.1/../../../../arm-none-eabi/lib/thumb/v7e-m/fpv4-sp/hard\libc.a(lib_a-impure.o)
                              e:/ac6/systemworkbench/plugins/fr.ac6.mcu.externaltools.arm-none.win32_1.17.0.201812190825/tools/compiler/bin/../lib/gcc/arm-none-eabi/7.3.1/../../../../arm-none-eabi/lib/thumb/v7e-m/fpv4-sp/hard\libc.a(lib_a-exit.o) (_global_impure_ptr)
e:/ac6/systemworkbench/plugins/fr.ac6.mcu.externaltools.arm-none.win32_1.17.0.201812190825/tools/compiler/bin/../lib/gcc/arm-none-eabi/7.3.1/../../../../arm-none-eabi/lib/thumb/v7e-m/fpv4-sp/hard\libc.a(lib_a-init.o)
                              e:/ac6/systemworkbench/plugins/fr.ac6.mcu.externaltools.arm-none.win32_1.17.0.201812190825/tools/compiler/bin/../lib/gcc/arm-none-eabi/7.3.1/../../../../arm-none-eabi/lib/thumb/v7e-m/fpv4-sp/hard/crt0.o (__libc_init_array)
e:/ac6/systemworkbench/plugins/fr.ac6.mcu.externaltools.arm-none.win32_1.17.0.201812190825/tools/compiler/bin/../lib/gcc/arm-none-eabi/7.3.1/../../../../arm-none-eabi/lib/thumb/v7e-m/fpv4-sp/hard\libc.a(lib_a-memset.o)
                              e:/ac6/systemworkbench/plugins/fr.ac6.mcu.externaltools.arm-none.win32_1.17.0.201812190825/tools/compiler/bin/../lib/gcc/arm-none-eabi/7.3.1/../../../../arm-none-eabi/lib/thumb/v7e-m/fpv4-sp/hard/crt0.o (memset)
e:/ac6/systemworkbench/plugins/fr.ac6.mcu.externaltools.arm-none.win32_1.17.0.201812190825/tools/compiler/bin/../lib/gcc/arm-none-eabi/7.3.1/../../../../arm-none-eabi/lib/thumb/v7e-m/fpv4-sp/hard\libc.a(lib_a-__call_atexit.o)
                              e:/ac6/systemworkbench/plugins/fr.ac6.mcu.externaltools.arm-none.win32_1.17.0.201812190825/tools/compiler/bin/../lib/gcc/arm-none-eabi/7.3.1/../../../../arm-none-eabi/lib/thumb/v7e-m/fpv4-sp/hard\libc.a(lib_a-exit.o) (__call_exitprocs)
e:/ac6/systemworkbench/plugins/fr.ac6.mcu.externaltools.arm-none.win32_1.17.0.201812190825/tools/compiler/bin/../lib/gcc/arm-none-eabi/7.3.1/../../../../arm-none-eabi/lib/thumb/v7e-m/fpv4-sp/hard\libc.a(lib_a-atexit.o)
                              e:/ac6/systemworkbench/plugins/fr.ac6.mcu.externaltools.arm-none.win32_1.17.0.201812190825/tools/compiler/bin/../lib/gcc/arm-none-eabi/7.3.1/../../../../arm-none-eabi/lib/thumb/v7e-m/fpv4-sp/hard\libc.a(lib_a-__call_atexit.o) (atexit)
e:/ac6/systemworkbench/plugins/fr.ac6.mcu.externaltools.arm-none.win32_1.17.0.201812190825/tools/compiler/bin/../lib/gcc/arm-none-eabi/7.3.1/../../../../arm-none-eabi/lib/thumb/v7e-m/fpv4-sp/hard\libc.a(lib_a-fini.o)
                              e:/ac6/systemworkbench/plugins/fr.ac6.mcu.externaltools.arm-none.win32_1.17.0.201812190825/tools/compiler/bin/../lib/gcc/arm-none-eabi/7.3.1/../../../../arm-none-eabi/lib/thumb/v7e-m/fpv4-sp/hard\libc.a(lib_a-__call_atexit.o) (__libc_fini_array)
e:/ac6/systemworkbench/plugins/fr.ac6.mcu.externaltools.arm-none.win32_1.17.0.201812190825/tools/compiler/bin/../lib/gcc/arm-none-eabi/7.3.1/../../../../arm-none-eabi/lib/thumb/v7e-m/fpv4-sp/hard\libc.a(lib_a-lock.o)
                              e:/ac6/systemworkbench/plugins/fr.ac6.mcu.externaltools.arm-none.win32_1.17.0.201812190825/tools/compiler/bin/../lib/gcc/arm-none-eabi/7.3.1/../../../../arm-none-eabi/lib/thumb/v7e-m/fpv4-sp/hard\libc.a(lib_a-__call_atexit.o) (__retarget_lock_acquire_recursive)
e:/ac6/systemworkbench/plugins/fr.ac6.mcu.externaltools.arm-none.win32_1.17.0.201812190825/tools/compiler/bin/../lib/gcc/arm-none-eabi/7.3.1/../../../../arm-none-eabi/lib/thumb/v7e-m/fpv4-sp/hard\libc.a(lib_a-__atexit.o)
                              e:/ac6/systemworkbench/plugins/fr.ac6.mcu.externaltools.arm-none.win32_1.17.0.201812190825/tools/compiler/bin/../lib/gcc/arm-none-eabi/7.3.1/../../../../arm-none-eabi/lib/thumb/v7e-m/fpv4-sp/hard\libc.a(lib_a-atexit.o) (__register_exitproc)

Allocating common symbols
Common symbol       size              file

__lock___atexit_recursive_mutex
[...]
Memory Configuration

Name             Origin             Length             Attributes
RAM              0x20000000         0x00020000         xrw
ROM              0x08000000         0x00080000         xr
*default*        0x00000000         0xffffffff

Linker script and memory map

LOAD e:/ac6/systemworkbench/plugins/fr.ac6.mcu.externaltools.arm-none.win32_1.17.0.201812190825/tools/compiler/bin/../lib/gcc/arm-none-eabi/7.3.1/thumb/v7e-m/fpv4-sp/hard/crti.o
LOAD e:/ac6/systemworkbench/plugins/fr.ac6.mcu.externaltools.arm-none.win32_1.17.0.201812190825/tools/compiler/bin/../lib/gcc/arm-none-eabi/7.3.1/thumb/v7e-m/fpv4-sp/hard/crtbegin.o
LOAD e:/ac6/systemworkbench/plugins/fr.ac6.mcu.externaltools.arm-none.win32_1.17.0.201812190825/tools/compiler/bin/../lib/gcc/arm-none-eabi/7.3.1/../../../../arm-none-eabi/lib/thumb/v7e-m/fpv4-sp/hard/crt0.o
LOAD StdPeriph_Driver/src/misc.o
LOAD StdPeriph_Driver/src/stm32f4xx_adc.o
LOAD StdPeriph_Driver/src/stm32f4xx_can.o
LOAD StdPeriph_Driver/src/stm32f4xx_cec.o
LOAD StdPeriph_Driver/src/stm32f4xx_crc.o
LOAD StdPeriph_Driver/src/stm32f4xx_cryp.o
LOAD StdPeriph_Driver/src/stm32f4xx_cryp_aes.o
LOAD StdPeriph_Driver/src/stm32f4xx_cryp_des.o
LOAD StdPeriph_Driver/src/stm32f4xx_cryp_tdes.o
LOAD StdPeriph_Driver/src/stm32f4xx_dac.o
LOAD StdPeriph_Driver/src/stm32f4xx_dbgmcu.o
LOAD StdPeriph_Driver/src/stm32f4xx_dcmi.o
LOAD StdPeriph_Driver/src/stm32f4xx_dfsdm.o
LOAD StdPeriph_Driver/src/stm32f4xx_dma.o
LOAD StdPeriph_Driver/src/stm32f4xx_dma2d.o
LOAD StdPeriph_Driver/src/stm32f4xx_dsi.o
LOAD StdPeriph_Driver/src/stm32f4xx_exti.o
LOAD StdPeriph_Driver/src/stm32f4xx_flash.o
LOAD StdPeriph_Driver/src/stm32f4xx_flash_ramfunc.o
LOAD StdPeriph_Driver/src/stm32f4xx_fmc.o
LOAD StdPeriph_Driver/src/stm32f4xx_fmip2c.o
LOAD StdPeriph_Driver/src/stm32f4xx_fsmc.o
LOAD StdPeriph_Driver/src/stm32f4xx_gpio.o
LOAD StdPeriph_Driver/src/stm32f4xx_hash.o
LOAD StdPeriph_Driver/src/stm32f4xx_hash_md5.o
LOAD StdPeriph_Driver/src/stm32f4xx_hash_sha1.o
LOAD StdPeriph_Driver/src/stm32f4xx_i2c.o
LOAD StdPeriph_Driver/src/stm32f4xx_iwdg.o
LOAD StdPeriph_Driver/src/stm32f4xx_lptim.o
LOAD StdPeriph_Driver/src/stm32f4xx_ltdc.o
LOAD StdPeriph_Driver/src/stm32f4xx_pwr.o
LOAD StdPeriph_Driver/src/stm32f4xx_qspi.o
LOAD StdPeriph_Driver/src/stm32f4xx_rcc.o
LOAD StdPeriph_Driver/src/stm32f4xx_rng.o
LOAD StdPeriph_Driver/src/stm32f4xx_rtc.o
LOAD StdPeriph_Driver/src/stm32f4xx_sai.o
LOAD StdPeriph_Driver/src/stm32f4xx_sdio.o
LOAD StdPeriph_Driver/src/stm32f4xx_spdifrx.o
LOAD StdPeriph_Driver/src/stm32f4xx_spi.o
LOAD StdPeriph_Driver/src/stm32f4xx_syscfg.o
LOAD StdPeriph_Driver/src/stm32f4xx_tim.o
LOAD StdPeriph_Driver/src/stm32f4xx_usart.o
LOAD StdPeriph_Driver/src/stm32f4xx_wwdg.o
LOAD src/Camera_control.o
LOAD src/GPIO_config.o
LOAD src/main.o
LOAD src/syscalls.o
LOAD src/system_stm32f4xx.o
LOAD src/usart.o
LOAD startup/startup_stm32.o
LOAD e:/ac6/systemworkbench/plugins/fr.ac6.mcu.externaltools.arm-none.win32_1.17.0.201812190825/tools/compiler/bin/../lib/gcc/arm-none-eabi/7.3.1/../../../../arm-none-eabi/lib/thumb/v7e-m/fpv4-sp/hard\libm.a
START GROUP
LOAD e:/ac6/systemworkbench/plugins/fr.ac6.mcu.externaltools.arm-none.win32_1.17.0.201812190825/tools/compiler/bin/../lib/gcc/arm-none-eabi/7.3.1/thumb/v7e-m/fpv4-sp/hard\libgcc.a
LOAD e:/ac6/systemworkbench/plugins/fr.ac6.mcu.externaltools.arm-none.win32_1.17.0.201812190825/tools/compiler/bin/../lib/gcc/arm-none-eabi/7.3.1/../../../../arm-none-eabi/lib/thumb/v7e-m/fpv4-sp/hard\libc.a
END GROUP
LOAD e:/ac6/systemworkbench/plugins/fr.ac6.mcu.externaltools.arm-none.win32_1.17.0.201812190825/tools/compiler/bin/../lib/gcc/arm-none-eabi/7.3.1/thumb/v7e-m/fpv4-sp/hard/crtend.o
LOAD e:/ac6/systemworkbench/plugins/fr.ac6.mcu.externaltools.arm-none.win32_1.17.0.201812190825/tools/compiler/bin/../lib/gcc/arm-none-eabi/7.3.1/thumb/v7e-m/fpv4-sp/hard/crtn.o
                0x20020000                _estack = 0x20020000
                0x00000000                _Min_Heap_Size = 0x0
                0x00000400                _Min_Stack_Size = 0x400

.isr_vector     0x08000000      0x198
                0x08000000                . = ALIGN (0x4)
 *(.isr_vector)
 .isr_vector    0x08000000      0x198 startup/startup_stm32.o
                0x08000000                g_pfnVectors
                0x08000198                . = ALIGN (0x4)

.text           0x08000198     0x2508
                0x08000198                . = ALIGN (0x4)
 *(.text)
 .text          0x08000198       0x40 e:/ac6/systemworkbench/plugins/fr.ac6.mcu.externaltools.arm-none.win32_1.17.0.201812190825/tools/compiler/bin/../lib/gcc/arm-none-eabi/7.3.1/thumb/v7e-m/fpv4-sp/hard/crtbegin.o
 *(.text*)
 .text.NVIC_Init
                0x080001d8       0xc4 StdPeriph_Driver/src/misc.o
                0x080001d8                NVIC_Init
 .text.DMA_DeInit
                0x0800029c      0x1a8 StdPeriph_Driver/src/stm32f4xx_dma.o
                0x0800029c                DMA_DeInit
 .text.DMA_Init
                0x08000444       0xb0 StdPeriph_Driver/src/stm32f4xx_dma.o
                0x08000444                DMA_Init
 .text.DMA_Cmd  0x080004f4       0x38 StdPeriph_Driver/src/stm32f4xx_dma.o
                0x080004f4                DMA_Cmd
 .text.DMA_GetFlagStatus
                0x0800052c       0x78 StdPeriph_Driver/src/stm32f4xx_dma.o
                0x0800052c                DMA_GetFlagStatus
 .text.EXTI_Init
                0x080005a4       0xe4 StdPeriph_Driver/src/stm32f4xx_exti.o
                0x080005a4                EXTI_Init
 .text.EXTI_StructInit
                0x08000688       0x2c StdPeriph_Driver/src/stm32f4xx_exti.o
                0x08000688                EXTI_StructInit
 .text.EXTI_GetITStatus
                0x080006b4       0x34 StdPeriph_Driver/src/stm32f4xx_exti.o
                0x080006b4                EXTI_GetITStatus
 .text.EXTI_ClearITPendingBit
                0x080006e8       0x20 StdPeriph_Driver/src/stm32f4xx_exti.o
                0x080006e8                EXTI_ClearITPendingBit
 .text.GPIO_Init
                0x08000708      0x11c StdPeriph_Driver/src/stm32f4xx_gpio.o
                0x08000708                GPIO_Init
 .text.GPIO_PinAFConfig
                0x08000824       0x92 StdPeriph_Driver/src/stm32f4xx_gpio.o
                0x08000824                GPIO_PinAFConfig
 *fill*         0x080008b6        0x2 
 .text.I2C_DeInit
                0x080008b8       0x74 StdPeriph_Driver/src/stm32f4xx_i2c.o
                0x080008b8                I2C_DeInit
 .text.I2C_Init
                0x0800092c      0x184 StdPeriph_Driver/src/stm32f4xx_i2c.o
                0x0800092c                I2C_Init
 .text.I2C_Cmd  0x08000ab0       0x40 StdPeriph_Driver/src/stm32f4xx_i2c.o
                0x08000ab0                I2C_Cmd
 .text.I2C_GenerateSTART
                0x08000af0       0x40 StdPeriph_Driver/src/stm32f4xx_i2c.o
                0x08000af0                I2C_GenerateSTART
 .text.I2C_GenerateSTOP
                0x08000b30       0x40 StdPeriph_Driver/src/stm32f4xx_i2c.o
                0x08000b30                I2C_GenerateSTOP
 .text.I2C_Send7bitAddress
                0x08000b70       0x3c StdPeriph_Driver/src/stm32f4xx_i2c.o
                0x08000b70                I2C_Send7bitAddress
 .text.I2C_SendData
                0x08000bac       0x20 StdPeriph_Driver/src/stm32f4xx_i2c.o
                0x08000bac                I2C_SendData
 .text.I2C_ITConfig
                0x08000bcc       0x48 StdPeriph_Driver/src/stm32f4xx_i2c.o
                0x08000bcc                I2C_ITConfig
 .text.I2C_CheckEvent
                0x08000c14       0x60 StdPeriph_Driver/src/stm32f4xx_i2c.o
                0x08000c14                I2C_CheckEvent
 .text.I2C_GetFlagStatus
                0x08000c74       0x66 StdPeriph_Driver/src/stm32f4xx_i2c.o
                0x08000c74                I2C_GetFlagStatus
 *fill*         0x08000cda        0x2 
 .text.RCC_ClockSecuritySystemCmd
                0x08000cdc       0x20 StdPeriph_Driver/src/stm32f4xx_rcc.o
                0x08000cdc                RCC_ClockSecuritySystemCmd
 .text.RCC_MCO1Config
                0x08000cfc       0x40 StdPeriph_Driver/src/stm32f4xx_rcc.o
                0x08000cfc                RCC_MCO1Config
 .text.RCC_GetClocksFreq
                0x08000d3c      0x150 StdPeriph_Driver/src/stm32f4xx_rcc.o
                0x08000d3c                RCC_GetClocksFreq
 .text.RCC_AHB1PeriphClockCmd
                0x08000e8c       0x40 StdPeriph_Driver/src/stm32f4xx_rcc.o
                0x08000e8c                RCC_AHB1PeriphClockCmd
 .text.RCC_APB1PeriphClockCmd
                0x08000ecc       0x40 StdPeriph_Driver/src/stm32f4xx_rcc.o
                0x08000ecc                RCC_APB1PeriphClockCmd
 .text.RCC_APB2PeriphClockCmd
                0x08000f0c       0x40 StdPeriph_Driver/src/stm32f4xx_rcc.o
                0x08000f0c                RCC_APB2PeriphClockCmd
 .text.RCC_APB1PeriphResetCmd
                0x08000f4c       0x40 StdPeriph_Driver/src/stm32f4xx_rcc.o
                0x08000f4c                RCC_APB1PeriphResetCmd
 .text.SYSCFG_EXTILineConfig
                0x08000f8c       0x84 StdPeriph_Driver/src/stm32f4xx_syscfg.o
                0x08000f8c                SYSCFG_EXTILineConfig
 .text.TIM_Cmd  0x08001010       0x40 StdPeriph_Driver/src/stm32f4xx_tim.o
                0x08001010                TIM_Cmd
 .text.TIM_ICInit
                0x08001050       0xa8 StdPeriph_Driver/src/stm32f4xx_tim.o
                0x08001050                TIM_ICInit
 .text.TIM_SetIC1Prescaler
                0x080010f8       0x38 StdPeriph_Driver/src/stm32f4xx_tim.o
                0x080010f8                TIM_SetIC1Prescaler
 .text.TIM_SetIC2Prescaler
                0x08001130       0x3c StdPeriph_Driver/src/stm32f4xx_tim.o
                0x08001130                TIM_SetIC2Prescaler
 .text.TIM_SetIC3Prescaler
                0x0800116c       0x38 StdPeriph_Driver/src/stm32f4xx_tim.o
                0x0800116c                TIM_SetIC3Prescaler
 .text.TIM_SetIC4Prescaler
                0x080011a4       0x3c StdPeriph_Driver/src/stm32f4xx_tim.o
                0x080011a4                TIM_SetIC4Prescaler
 .text.TIM_CtrlPWMOutputs
                0x080011e0       0x4c StdPeriph_Driver/src/stm32f4xx_tim.o
                0x080011e0                TIM_CtrlPWMOutputs
 .text.TIM_DMAConfig
                0x0800122c       0x2a StdPeriph_Driver/src/stm32f4xx_tim.o
                0x0800122c                TIM_DMAConfig
 .text.TIM_DMACmd
                0x08001256       0x48 StdPeriph_Driver/src/stm32f4xx_tim.o
                0x08001256                TIM_DMACmd
 .text.TI1_Config
                0x0800129e       0x86 StdPeriph_Driver/src/stm32f4xx_tim.o
 .text.TI2_Config
                0x08001324       0x9a StdPeriph_Driver/src/stm32f4xx_tim.o
 .text.TI3_Config
                0x080013be       0x90 StdPeriph_Driver/src/stm32f4xx_tim.o
 .text.TI4_Config
                0x0800144e       0x9e StdPeriph_Driver/src/stm32f4xx_tim.o
 .text.USART_Init
                0x080014ec      0x174 StdPeriph_Driver/src/stm32f4xx_usart.o
                0x080014ec                USART_Init
 .text.USART_Cmd
                0x08001660       0x40 StdPeriph_Driver/src/stm32f4xx_usart.o
                0x08001660                USART_Cmd
 .text.USART_SendData
                0x080016a0       0x24 StdPeriph_Driver/src/stm32f4xx_usart.o
                0x080016a0                USART_SendData
 .text.USART_GetFlagStatus
                0x080016c4       0x38 StdPeriph_Driver/src/stm32f4xx_usart.o
                0x080016c4                USART_GetFlagStatus
 .text.Delay    0x080016fc       0x20 src/Camera_control.o
                0x080016fc                Delay
 .text.MCO1_init
                0x0800171c       0x54 src/Camera_control.o
                0x0800171c                MCO1_init
 .text.I2C1_init
                0x08001770       0xa4 src/Camera_control.o
                0x08001770                I2C1_init
 .text.I2C2_init
                0x08001814       0xa8 src/Camera_control.o
                0x08001814                I2C2_init
 .text.I2C1_write_reg
                0x080018bc       0xf8 src/Camera_control.o
                0x080018bc                I2C1_write_reg
 .text.I2C2_write_reg
                0x080019b4       0xf8 src/Camera_control.o
                0x080019b4                I2C2_write_reg
 .text.ConfigureTimer
                0x08001aac       0x98 src/Camera_control.o
                0x08001aac                ConfigureTimer
 .text.ConfigureTimer1
                0x08001b44       0x98 src/Camera_control.o
                0x08001b44                ConfigureTimer1
 .text.ConfigureDMA1
                0x08001bdc       0x8c src/Camera_control.o
                0x08001bdc                ConfigureDMA1
 .text.ConfigureDMA2
                0x08001c68       0x88 src/Camera_control.o
                0x08001c68                ConfigureDMA2
 .text.Camera1_init
                0x08001cf0       0x68 src/Camera_control.o
                0x08001cf0                Camera1_init
 .text.Camera2_init
                0x08001d58       0x68 src/Camera_control.o
                0x08001d58                Camera2_init
 .text.SignalConfig1
                0x08001dc0       0xcc src/GPIO_config.o
                0x08001dc0                SignalConfig1
 .text.SignalConfig2
                0x08001e8c       0xcc src/GPIO_config.o
                0x08001e8c                SignalConfig2
 .text.DataConfig1
                0x08001f58       0x38 src/GPIO_config.o
                0x08001f58                DataConfig1
 .text.DataConfig2
                0x08001f90       0x38 src/GPIO_config.o
                0x08001f90                DataConfig2
 .text.main     0x08001fc8       0x80 src/main.o
                0x08001fc8                main
 .text.EXTI1_IRQHandler
                0x08002048       0xdc src/main.o
                0x08002048                EXTI1_IRQHandler
 .text.EXTI0_IRQHandler
                0x08002124       0x84 src/main.o
                0x08002124                EXTI0_IRQHandler
 .text.EXTI3_IRQHandler
                0x080021a8       0xd0 src/main.o
                0x080021a8                EXTI3_IRQHandler
 .text.EXTI2_IRQHandler
                0x08002278       0x84 src/main.o
                0x08002278                EXTI2_IRQHandler
 .text.SystemInit
                0x080022fc       0x6c src/system_stm32f4xx.o
                0x080022fc                SystemInit
 .text.SetSysClock
                0x08002368       0xa0 src/system_stm32f4xx.o
 .text.UART_init
                0x08002408       0x88 src/usart.o
                0x08002408                UART_init
 .text.UART_log
                0x08002490       0x40 src/usart.o
                0x08002490                UART_log
 .text.Reset_Handler
                0x080024d0       0x50 startup/startup_stm32.o
                0x080024d0                Reset_Handler
 .text.Default_Handler
                0x08002520        0x2 startup/startup_stm32.o
                0x08002520                RTC_Alarm_IRQHandler
                0x08002520                DebugMon_Handler
                0x08002520                SPI4_IRQHandler
                0x08002520                TIM1_CC_IRQHandler
                0x08002520                DMA2_Stream5_IRQHandler
                0x08002520                HardFault_Handler
                0x08002520                DMA1_Stream5_IRQHandler
                0x08002520                SysTick_Handler
                0x08002520                PVD_IRQHandler
                0x08002520                SDIO_IRQHandler
                0x08002520                TAMP_STAMP_IRQHandler
                0x08002520                PendSV_Handler
                0x08002520                NMI_Handler
                0x08002520                TIM1_UP_TIM10_IRQHandler
                0x08002520                I2C3_ER_IRQHandler
                0x08002520                I2C2_EV_IRQHandler
                0x08002520                DMA1_Stream2_IRQHandler
                0x08002520                FPU_IRQHandler
                0x08002520                UsageFault_Handler
                0x08002520                DMA2_Stream2_IRQHandler
                0x08002520                SPI1_IRQHandler
                0x08002520                TIM1_BRK_TIM9_IRQHandler
                0x08002520                DMA2_Stream3_IRQHandler
                0x08002520                USART6_IRQHandler
                0x08002520                DMA2_Stream0_IRQHandler
                0x08002520                TIM4_IRQHandler
                0x08002520                I2C1_EV_IRQHandler
                0x08002520                DMA1_Stream6_IRQHandler
                0x08002520                DMA1_Stream1_IRQHandler
                0x08002520                TIM3_IRQHandler
                0x08002520                RCC_IRQHandler
                0x08002520                Default_Handler
                0x08002520                EXTI15_10_IRQHandler
                0x08002520                ADC_IRQHandler
                0x08002520                DMA1_Stream7_IRQHandler
                0x08002520                SPI5_IRQHandler
                0x08002520                TIM5_IRQHandler
                0x08002520                DMA2_Stream7_IRQHandler
                0x08002520                I2C3_EV_IRQHandler
                0x08002520                EXTI9_5_IRQHandler
                0x08002520                RTC_WKUP_IRQHandler
                0x08002520                SPI2_IRQHandler
                0x08002520                MemManage_Handler
                0x08002520                DMA1_Stream0_IRQHandler
                0x08002520                SVC_Handler
                0x08002520                EXTI4_IRQHandler
                0x08002520                WWDG_IRQHandler
                0x08002520                TIM2_IRQHandler
                0x08002520                OTG_FS_WKUP_IRQHandler
                0x08002520                TIM1_TRG_COM_TIM11_IRQHandler
                0x08002520                USART2_IRQHandler
                0x08002520                I2C2_ER_IRQHandler
                0x08002520                DMA2_Stream1_IRQHandler
                0x08002520                FLASH_IRQHandler
                0x08002520                DMA2_Stream4_IRQHandler
                0x08002520                BusFault_Handler
                0x08002520                USART1_IRQHandler
                0x08002520                OTG_FS_IRQHandler
                0x08002520                SPI3_IRQHandler
                0x08002520                DMA1_Stream4_IRQHandler
                0x08002520                I2C1_ER_IRQHandler
                0x08002520                DMA2_Stream6_IRQHandler
                0x08002520                DMA1_Stream3_IRQHandler
 *fill*         0x08002522        0x2 
 .text.__libc_init_array
                0x08002524       0x48 e:/ac6/systemworkbench/plugins/fr.ac6.mcu.externaltools.arm-none.win32_1.17.0.201812190825/tools/compiler/bin/../lib/gcc/arm-none-eabi/7.3.1/../../../../arm-none-eabi/lib/thumb/v7e-m/fpv4-sp/hard\libc.a(lib_a-init.o)
                0x08002524                __libc_init_array
 .text.startup.register_fini
                0x0800256c       0x14 e:/ac6/systemworkbench/plugins/fr.ac6.mcu.externaltools.arm-none.win32_1.17.0.201812190825/tools/compiler/bin/../lib/gcc/arm-none-eabi/7.3.1/../../../../arm-none-eabi/lib/thumb/v7e-m/fpv4-sp/hard\libc.a(lib_a-__call_atexit.o)
 .text.atexit   0x08002580        0xc e:/ac6/systemworkbench/plugins/fr.ac6.mcu.externaltools.arm-none.win32_1.17.0.201812190825/tools/compiler/bin/../lib/gcc/arm-none-eabi/7.3.1/../../../../arm-none-eabi/lib/thumb/v7e-m/fpv4-sp/hard\libc.a(lib_a-atexit.o)
                0x08002580                atexit
 .text.__libc_fini_array
                0x0800258c       0x34 e:/ac6/systemworkbench/plugins/fr.ac6.mcu.externaltools.arm-none.win32_1.17.0.201812190825/tools/compiler/bin/../lib/gcc/arm-none-eabi/7.3.1/../../../../arm-none-eabi/lib/thumb/v7e-m/fpv4-sp/hard\libc.a(lib_a-fini.o)
                0x0800258c                __libc_fini_array
 .text.__retarget_lock_acquire_recursive
                0x080025c0        0x4 e:/ac6/systemworkbench/plugins/fr.ac6.mcu.externaltools.arm-none.win32_1.17.0.201812190825/tools/compiler/bin/../lib/gcc/arm-none-eabi/7.3.1/../../../../arm-none-eabi/lib/thumb/v7e-m/fpv4-sp/hard\libc.a(lib_a-lock.o)
                0x080025c0                __retarget_lock_acquire_recursive
 .text.__retarget_lock_release_recursive
                0x080025c4        0x4 e:/ac6/systemworkbench/plugins/fr.ac6.mcu.externaltools.arm-none.win32_1.17.0.201812190825/tools/compiler/bin/../lib/gcc/arm-none-eabi/7.3.1/../../../../arm-none-eabi/lib/thumb/v7e-m/fpv4-sp/hard\libc.a(lib_a-lock.o)
                0x080025c4                __retarget_lock_release_recursive
 .text.__register_exitproc
                0x080025c8       0xc0 e:/ac6/systemworkbench/plugins/fr.ac6.mcu.externaltools.arm-none.win32_1.17.0.201812190825/tools/compiler/bin/../lib/gcc/arm-none-eabi/7.3.1/../../../../arm-none-eabi/lib/thumb/v7e-m/fpv4-sp/hard\libc.a(lib_a-__atexit.o)
                0x080025c8                __register_exitproc
 *(.glue_7)
 .glue_7        0x08002688        0x0 linker stubs
 *(.glue_7t)
 .glue_7t       0x08002688        0x0 linker stubs
 *(.eh_frame)
 .eh_frame      0x08002688        0x0 e:/ac6/systemworkbench/plugins/fr.ac6.mcu.externaltools.arm-none.win32_1.17.0.201812190825/tools/compiler/bin/../lib/gcc/arm-none-eabi/7.3.1/thumb/v7e-m/fpv4-sp/hard/crtbegin.o
 *(.init)
 .init          0x08002688        0x4 e:/ac6/systemworkbench/plugins/fr.ac6.mcu.externaltools.arm-none.win32_1.17.0.201812190825/tools/compiler/bin/../lib/gcc/arm-none-eabi/7.3.1/thumb/v7e-m/fpv4-sp/hard/crti.o
                0x08002688                _init
 .init          0x0800268c        0x8 e:/ac6/systemworkbench/plugins/fr.ac6.mcu.externaltools.arm-none.win32_1.17.0.201812190825/tools/compiler/bin/../lib/gcc/arm-none-eabi/7.3.1/thumb/v7e-m/fpv4-sp/hard/crtn.o
 *(.fini)
 .fini          0x08002694        0x4 e:/ac6/systemworkbench/plugins/fr.ac6.mcu.externaltools.arm-none.win32_1.17.0.201812190825/tools/compiler/bin/../lib/gcc/arm-none-eabi/7.3.1/thumb/v7e-m/fpv4-sp/hard/crti.o
                0x08002694                _fini
 .fini          0x08002698        0x8 e:/ac6/systemworkbench/plugins/fr.ac6.mcu.externaltools.arm-none.win32_1.17.0.201812190825/tools/compiler/bin/../lib/gcc/arm-none-eabi/7.3.1/thumb/v7e-m/fpv4-sp/hard/crtn.o
                0x080026a0                . = ALIGN (0x4)
                0x080026a0                _etext = .

.vfp11_veneer   0x080026a0        0x0
 .vfp11_veneer  0x080026a0        0x0 linker stubs

.v4_bx          0x080026a0        0x0
 .v4_bx         0x080026a0        0x0 linker stubs

.iplt           0x080026a0        0x0
 .iplt          0x080026a0        0x0 e:/ac6/systemworkbench/plugins/fr.ac6.mcu.externaltools.arm-none.win32_1.17.0.201812190825/tools/compiler/bin/../lib/gcc/arm-none-eabi/7.3.1/thumb/v7e-m/fpv4-sp/hard/crtbegin.o

.rodata         0x080026a0       0x5c
                0x080026a0                . = ALIGN (0x4)
 *(.rodata)
 .rodata        0x080026a0       0x40 src/Camera_control.o
                0x080026a0                OV7670_reg
 .rodata        0x080026e0       0x17 src/main.o
 *(.rodata*)
 *fill*         0x080026f7        0x1 
 .rodata._global_impure_ptr
                0x080026f8        0x4 e:/ac6/systemworkbench/plugins/fr.ac6.mcu.externaltools.arm-none.win32_1.17.0.201812190825/tools/compiler/bin/../lib/gcc/arm-none-eabi/7.3.1/../../../../arm-none-eabi/lib/thumb/v7e-m/fpv4-sp/hard\libc.a(lib_a-impure.o)
                0x080026f8                _global_impure_ptr
                0x080026fc                . = ALIGN (0x4)

.rel.dyn        0x080026fc        0x0
 .rel.iplt      0x080026fc        0x0 e:/ac6/systemworkbench/plugins/fr.ac6.mcu.externaltools.arm-none.win32_1.17.0.201812190825/tools/compiler/bin/../lib/gcc/arm-none-eabi/7.3.1/thumb/v7e-m/fpv4-sp/hard/crtbegin.o

.ARM.extab      0x080026fc        0x0
                0x080026fc                . = ALIGN (0x4)
 *(.ARM.extab* .gnu.linkonce.armextab.*)
                0x080026fc                . = ALIGN (0x4)

.ARM            0x080026fc        0x0
                0x080026fc                . = ALIGN (0x4)
                0x080026fc                __exidx_start = .
 *(.ARM.exidx*)
                0x080026fc                __exidx_end = .
                0x080026fc                . = ALIGN (0x4)

.preinit_array  0x080026fc        0x0
                0x080026fc                . = ALIGN (0x4)
                0x080026fc                PROVIDE (__preinit_array_start = .)
 *(.preinit_array*)
                0x080026fc                PROVIDE (__preinit_array_end = .)
                0x080026fc                . = ALIGN (0x4)

.init_array     0x080026fc        0x8
                0x080026fc                . = ALIGN (0x4)
                0x080026fc                PROVIDE (__init_array_start = .)
 *(SORT_BY_NAME(.init_array.*))
 .init_array.00000
                0x080026fc        0x4 e:/ac6/systemworkbench/plugins/fr.ac6.mcu.externaltools.arm-none.win32_1.17.0.201812190825/tools/compiler/bin/../lib/gcc/arm-none-eabi/7.3.1/../../../../arm-none-eabi/lib/thumb/v7e-m/fpv4-sp/hard\libc.a(lib_a-__call_atexit.o)
 *(.init_array*)
 .init_array    0x08002700        0x4 e:/ac6/systemworkbench/plugins/fr.ac6.mcu.externaltools.arm-none.win32_1.17.0.201812190825/tools/compiler/bin/../lib/gcc/arm-none-eabi/7.3.1/thumb/v7e-m/fpv4-sp/hard/crtbegin.o
                0x08002704                PROVIDE (__init_array_end = .)
                0x08002704                . = ALIGN (0x4)

.fini_array     0x08002704        0x4
                0x08002704                . = ALIGN (0x4)
                0x08002704                PROVIDE (__fini_array_start = .)
 *(SORT_BY_NAME(.fini_array.*))
 *(.fini_array*)
 .fini_array    0x08002704        0x4 e:/ac6/systemworkbench/plugins/fr.ac6.mcu.externaltools.arm-none.win32_1.17.0.201812190825/tools/compiler/bin/../lib/gcc/arm-none-eabi/7.3.1/thumb/v7e-m/fpv4-sp/hard/crtbegin.o
                0x08002708                PROVIDE (__fini_array_end = .)
                0x08002708                . = ALIGN (0x4)
                0x08002708                _sidata = LOADADDR (.data)

.data           0x20000000      0x43c load address 0x08002708
                0x20000000                . = ALIGN (0x4)
                0x20000000                _sdata = .
 *(.data)
 .data          0x20000000       0x10 StdPeriph_Driver/src/stm32f4xx_rcc.o
 *(.data*)
 .data.impure_data
                0x20000010      0x428 e:/ac6/systemworkbench/plugins/fr.ac6.mcu.externaltools.arm-none.win32_1.17.0.201812190825/tools/compiler/bin/../lib/gcc/arm-none-eabi/7.3.1/../../../../arm-none-eabi/lib/thumb/v7e-m/fpv4-sp/hard\libc.a(lib_a-impure.o)
 .data.__atexit_recursive_mutex
                0x20000438        0x4 e:/ac6/systemworkbench/plugins/fr.ac6.mcu.externaltools.arm-none.win32_1.17.0.201812190825/tools/compiler/bin/../lib/gcc/arm-none-eabi/7.3.1/../../../../arm-none-eabi/lib/thumb/v7e-m/fpv4-sp/hard\libc.a(lib_a-__call_atexit.o)
                0x20000438                __atexit_recursive_mutex
                0x2000043c                . = ALIGN (0x4)
                0x2000043c                _edata = .

.igot.plt       0x2000043c        0x0 load address 0x08002b44
 .igot.plt      0x2000043c        0x0 e:/ac6/systemworkbench/plugins/fr.ac6.mcu.externaltools.arm-none.win32_1.17.0.201812190825/tools/compiler/bin/../lib/gcc/arm-none-eabi/7.3.1/thumb/v7e-m/fpv4-sp/hard/crtbegin.o
                0x2000043c                . = ALIGN (0x4)

.bss            0x2000043c    0x187c8 load address 0x08002b44
                0x2000043c                _sbss = .
                0x2000043c                __bss_start__ = _sbss
 *(.bss)
 .bss           0x2000043c       0x1c e:/ac6/systemworkbench/plugins/fr.ac6.mcu.externaltools.arm-none.win32_1.17.0.201812190825/tools/compiler/bin/../lib/gcc/arm-none-eabi/7.3.1/thumb/v7e-m/fpv4-sp/hard/crtbegin.o
 .bss           0x20000458        0x6 src/main.o
                0x20000458                row
                0x20000459                status
                0x2000045a                status1
                0x2000045b                done
                0x2000045c                stop1
                0x2000045d                stop2
 *(.bss*)
 *(COMMON)
 *fill*         0x2000045e        0x2 
 COMMON         0x20000460    0x18780 src/Camera_control.o
                0x20000460                frame_buffer
                0x2000c820                frame_buffer2
 COMMON         0x20018be0       0x21 e:/ac6/systemworkbench/plugins/fr.ac6.mcu.externaltools.arm-none.win32_1.17.0.201812190825/tools/compiler/bin/../lib/gcc/arm-none-eabi/7.3.1/../../../../arm-none-eabi/lib/thumb/v7e-m/fpv4-sp/hard\libc.a(lib_a-lock.o)
                0x20018be0                __lock___atexit_recursive_mutex
                0x20018be4                __lock___arc4random_mutex
                0x20018be8                __lock___env_recursive_mutex
                0x20018bec                __lock___sinit_recursive_mutex
                0x20018bf0                __lock___malloc_recursive_mutex
                0x20018bf4                __lock___at_quick_exit_mutex
                0x20018bf8                __lock___dd_hash_mutex
                0x20018bfc                __lock___tz_mutex
                0x20018c00                __lock___sfp_recursive_mutex
                0x20018c04                . = ALIGN (0x4)
 *fill*         0x20018c01        0x3 
                0x20018c04                _ebss = .
                0x20018c04                __bss_end__ = _ebss

._user_heap_stack
                0x20018c04      0x404 load address 0x08002b44
                0x20018c08                . = ALIGN (0x8)
 *fill*         0x20018c04        0x4 
                0x20018c08                PROVIDE (end = .)
                [!provide]                PROVIDE (_end = .)
                0x20018c08                . = (. + _Min_Heap_Size)
                0x20019008                . = (. + _Min_Stack_Size)
 *fill*         0x20018c08      0x400 
                0x20019008                . = ALIGN (0x8)

/DISCARD/
 libc.a(*)
 libm.a(*)
 libgcc.a(*)

.ARM.attributes
                0x00000000       0x30
 *(.ARM.attributes)
 .ARM.attributes
                0x00000000       0x22 e:/ac6/systemworkbench/plugins/fr.ac6.mcu.externaltools.arm-none.win32_1.17.0.201812190825/tools/compiler/bin/../lib/gcc/arm-none-eabi/7.3.1/thumb/v7e-m/fpv4-sp/hard/crti.o
 .ARM.attributes
                0x00000022       0x34 e:/ac6/systemworkbench/plugins/fr.ac6.mcu.externaltools.arm-none.win32_1.17.0.201812190825/tools/compiler/bin/../lib/gcc/arm-none-eabi/7.3.1/thumb/v7e-m/fpv4-sp/hard/crtbegin.o
 .ARM.attributes
                0x00000056       0x39 StdPeriph_Driver/src/misc.o
 .ARM.attributes
                0x0000008f       0x39 StdPeriph_Driver/src/stm32f4xx_dma.o
 .ARM.attributes
                0x000000c8       0x39 StdPeriph_Driver/src/stm32f4xx_exti.o
 .ARM.attributes
                0x00000101       0x39 StdPeriph_Driver/src/stm32f4xx_gpio.o
 .ARM.attributes
                0x0000013a       0x39 StdPeriph_Driver/src/stm32f4xx_i2c.o
 .ARM.attributes
                0x00000173       0x39 StdPeriph_Driver/src/stm32f4xx_rcc.o
 .ARM.attributes
                0x000001ac       0x39 StdPeriph_Driver/src/stm32f4xx_syscfg.o
 .ARM.attributes
                0x000001e5       0x39 StdPeriph_Driver/src/stm32f4xx_tim.o
 .ARM.attributes
                0x0000021e       0x39 StdPeriph_Driver/src/stm32f4xx_usart.o
 .ARM.attributes
                0x00000257       0x39 src/Camera_control.o
 .ARM.attributes
                0x00000290       0x39 src/GPIO_config.o
 .ARM.attributes
                0x000002c9       0x39 src/main.o
 .ARM.attributes
                0x00000302       0x39 src/system_stm32f4xx.o
 .ARM.attributes
                0x0000033b       0x39 src/usart.o
 .ARM.attributes
                0x00000374       0x21 startup/startup_stm32.o
 .ARM.attributes
                0x00000395       0x34 e:/ac6/systemworkbench/plugins/fr.ac6.mcu.externaltools.arm-none.win32_1.17.0.201812190825/tools/compiler/bin/../lib/gcc/arm-none-eabi/7.3.1/../../../../arm-none-eabi/lib/thumb/v7e-m/fpv4-sp/hard\libc.a(lib_a-impure.o)
 .ARM.attributes
                0x000003c9       0x34 e:/ac6/systemworkbench/plugins/fr.ac6.mcu.externaltools.arm-none.win32_1.17.0.201812190825/tools/compiler/bin/../lib/gcc/arm-none-eabi/7.3.1/../../../../arm-none-eabi/lib/thumb/v7e-m/fpv4-sp/hard\libc.a(lib_a-init.o)
 .ARM.attributes
                0x000003fd       0x34 e:/ac6/systemworkbench/plugins/fr.ac6.mcu.externaltools.arm-none.win32_1.17.0.201812190825/tools/compiler/bin/../lib/gcc/arm-none-eabi/7.3.1/../../../../arm-none-eabi/lib/thumb/v7e-m/fpv4-sp/hard\libc.a(lib_a-__call_atexit.o)
 .ARM.attributes
                0x00000431       0x34 e:/ac6/systemworkbench/plugins/fr.ac6.mcu.externaltools.arm-none.win32_1.17.0.201812190825/tools/compiler/bin/../lib/gcc/arm-none-eabi/7.3.1/../../../../arm-none-eabi/lib/thumb/v7e-m/fpv4-sp/hard\libc.a(lib_a-atexit.o)
 .ARM.attributes
                0x00000465       0x34 e:/ac6/systemworkbench/plugins/fr.ac6.mcu.externaltools.arm-none.win32_1.17.0.201812190825/tools/compiler/bin/../lib/gcc/arm-none-eabi/7.3.1/../../../../arm-none-eabi/lib/thumb/v7e-m/fpv4-sp/hard\libc.a(lib_a-fini.o)
 .ARM.attributes
                0x00000499       0x34 e:/ac6/systemworkbench/plugins/fr.ac6.mcu.externaltools.arm-none.win32_1.17.0.201812190825/tools/compiler/bin/../lib/gcc/arm-none-eabi/7.3.1/../../../../arm-none-eabi/lib/thumb/v7e-m/fpv4-sp/hard\libc.a(lib_a-lock.o)
 .ARM.attributes
                0x000004cd       0x34 e:/ac6/systemworkbench/plugins/fr.ac6.mcu.externaltools.arm-none.win32_1.17.0.201812190825/tools/compiler/bin/../lib/gcc/arm-none-eabi/7.3.1/../../../../arm-none-eabi/lib/thumb/v7e-m/fpv4-sp/hard\libc.a(lib_a-__atexit.o)
 .ARM.attributes
                0x00000501       0x22 e:/ac6/systemworkbench/plugins/fr.ac6.mcu.externaltools.arm-none.win32_1.17.0.201812190825/tools/compiler/bin/../lib/gcc/arm-none-eabi/7.3.1/thumb/v7e-m/fpv4-sp/hard/crtn.o
OUTPUT(OV7670_standard_peripheral.elf elf32-littlearm)

.debug_info     0x00000000     0x7778
 .debug_info    0x00000000      0x54b StdPeriph_Driver/src/misc.o
 .debug_info    0x0000054b      0x74b StdPeriph_Driver/src/stm32f4xx_dma.o
 .debug_info    0x00000c96      0x358 StdPeriph_Driver/src/stm32f4xx_exti.o
 .debug_info    0x00000fee      0x62b StdPeriph_Driver/src/stm32f4xx_gpio.o
 .debug_info    0x00001619      0xb9e StdPeriph_Driver/src/stm32f4xx_i2c.o
 .debug_info    0x000021b7      0xd6d StdPeriph_Driver/src/stm32f4xx_rcc.o
 .debug_info    0x00002f24      0x2a6 StdPeriph_Driver/src/stm32f4xx_syscfg.o
 .debug_info    0x000031ca     0x1c73 StdPeriph_Driver/src/stm32f4xx_tim.o
 .debug_info    0x00004e3d      0x9d4 StdPeriph_Driver/src/stm32f4xx_usart.o
 .debug_info    0x00005811      0xae5 src/Camera_control.o
 .debug_info    0x000062f6      0x630 src/GPIO_config.o
 .debug_info    0x00006926      0x3dd src/main.o
 .debug_info    0x00006d03      0x5be src/system_stm32f4xx.o
 .debug_info    0x000072c1      0x495 src/usart.o
 .debug_info    0x00007756       0x22 startup/startup_stm32.o

.debug_abbrev   0x00000000     0x15d8
 .debug_abbrev  0x00000000      0x177 StdPeriph_Driver/src/misc.o
 .debug_abbrev  0x00000177      0x16d StdPeriph_Driver/src/stm32f4xx_dma.o
 .debug_abbrev  0x000002e4      0x1c3 StdPeriph_Driver/src/stm32f4xx_exti.o
 .debug_abbrev  0x000004a7      0x1bf StdPeriph_Driver/src/stm32f4xx_gpio.o
 .debug_abbrev  0x00000666      0x196 StdPeriph_Driver/src/stm32f4xx_i2c.o
 .debug_abbrev  0x000007fc      0x1d4 StdPeriph_Driver/src/stm32f4xx_rcc.o
 .debug_abbrev  0x000009d0      0x14b StdPeriph_Driver/src/stm32f4xx_syscfg.o
 .debug_abbrev  0x00000b1b      0x19f StdPeriph_Driver/src/stm32f4xx_tim.o
 .debug_abbrev  0x00000cba      0x187 StdPeriph_Driver/src/stm32f4xx_usart.o
 .debug_abbrev  0x00000e41      0x21b src/Camera_control.o
 .debug_abbrev  0x0000105c      0x151 src/GPIO_config.o
 .debug_abbrev  0x000011ad      0x171 src/main.o
 .debug_abbrev  0x0000131e      0x138 src/system_stm32f4xx.o
 .debug_abbrev  0x00001456      0x170 src/usart.o
 .debug_abbrev  0x000015c6       0x12 startup/startup_stm32.o

.debug_aranges  0x00000000      0xa60
 .debug_aranges
                0x00000000       0x40 StdPeriph_Driver/src/misc.o
 .debug_aranges
                0x00000040       0xb0 StdPeriph_Driver/src/stm32f4xx_dma.o
 .debug_aranges
                0x000000f0       0x58 StdPeriph_Driver/src/stm32f4xx_exti.o
 .debug_aranges
                0x00000148       0x88 StdPeriph_Driver/src/stm32f4xx_gpio.o
 .debug_aranges
                0x000001d0      0x130 StdPeriph_Driver/src/stm32f4xx_i2c.o
 .debug_aranges
                0x00000300      0x198 StdPeriph_Driver/src/stm32f4xx_rcc.o
 .debug_aranges
                0x00000498       0x50 StdPeriph_Driver/src/stm32f4xx_syscfg.o
 .debug_aranges
                0x000004e8      0x2f8 StdPeriph_Driver/src/stm32f4xx_tim.o
 .debug_aranges
                0x000007e0      0x100 StdPeriph_Driver/src/stm32f4xx_usart.o
 .debug_aranges
                0x000008e0       0x78 src/Camera_control.o
 .debug_aranges
                0x00000958       0x38 src/GPIO_config.o
 .debug_aranges
                0x00000990       0x40 src/main.o
 .debug_aranges
                0x000009d0       0x30 src/system_stm32f4xx.o
 .debug_aranges
                0x00000a00       0x38 src/usart.o
 .debug_aranges
                0x00000a38       0x28 startup/startup_stm32.o

.debug_ranges   0x00000000      0x978
 .debug_ranges  0x00000000       0x30 StdPeriph_Driver/src/misc.o
 .debug_ranges  0x00000030       0xa0 StdPeriph_Driver/src/stm32f4xx_dma.o
 .debug_ranges  0x000000d0       0x48 StdPeriph_Driver/src/stm32f4xx_exti.o
 .debug_ranges  0x00000118       0x78 StdPeriph_Driver/src/stm32f4xx_gpio.o
 .debug_ranges  0x00000190      0x120 StdPeriph_Driver/src/stm32f4xx_i2c.o
 .debug_ranges  0x000002b0      0x188 StdPeriph_Driver/src/stm32f4xx_rcc.o
 .debug_ranges  0x00000438       0x40 StdPeriph_Driver/src/stm32f4xx_syscfg.o
 .debug_ranges  0x00000478      0x2e8 StdPeriph_Driver/src/stm32f4xx_tim.o
 .debug_ranges  0x00000760       0xf0 StdPeriph_Driver/src/stm32f4xx_usart.o
 .debug_ranges  0x00000850       0x68 src/Camera_control.o
 .debug_ranges  0x000008b8       0x28 src/GPIO_config.o
 .debug_ranges  0x000008e0       0x30 src/main.o
 .debug_ranges  0x00000910       0x20 src/system_stm32f4xx.o
 .debug_ranges  0x00000930       0x28 src/usart.o
 .debug_ranges  0x00000958       0x20 startup/startup_stm32.o

.debug_macro    0x00000000     0xfe4d
 .debug_macro   0x00000000      0x191 StdPeriph_Driver/src/misc.o
 .debug_macro   0x00000191      0xa72 StdPeriph_Driver/src/misc.o
 .debug_macro   0x00000c03       0x65 StdPeriph_Driver/src/misc.o
 .debug_macro   0x00000c68       0x3b StdPeriph_Driver/src/misc.o
 .debug_macro   0x00000ca3       0x22 StdPeriph_Driver/src/misc.o
 .debug_macro   0x00000cc5       0x8e StdPeriph_Driver/src/misc.o
 .debug_macro   0x00000d53       0x51 StdPeriph_Driver/src/misc.o
 .debug_macro   0x00000da4       0xef StdPeriph_Driver/src/misc.o
 .debug_macro   0x00000e93       0x6a StdPeriph_Driver/src/misc.o
 .debug_macro   0x00000efd      0x1df StdPeriph_Driver/src/misc.o
 .debug_macro   0x000010dc       0x34 StdPeriph_Driver/src/misc.o
 .debug_macro   0x00001110       0x26 StdPeriph_Driver/src/misc.o
 .debug_macro   0x00001136      0xe43 StdPeriph_Driver/src/misc.o
 .debug_macro   0x00001f79     0x7fd9 StdPeriph_Driver/src/misc.o
 .debug_macro   0x00009f52      0x44f StdPeriph_Driver/src/misc.o
 .debug_macro   0x0000a3a1       0xb2 StdPeriph_Driver/src/misc.o
 .debug_macro   0x0000a453      0x477 StdPeriph_Driver/src/misc.o
 .debug_macro   0x0000a8ca       0xb5 StdPeriph_Driver/src/misc.o
 .debug_macro   0x0000a97f      0x41c StdPeriph_Driver/src/misc.o
 .debug_macro   0x0000ad9b      0x2f4 StdPeriph_Driver/src/misc.o
 .debug_macro   0x0000b08f      0x2ba StdPeriph_Driver/src/misc.o
 .debug_macro   0x0000b349       0x64 StdPeriph_Driver/src/misc.o
 .debug_macro   0x0000b3ad       0xee StdPeriph_Driver/src/misc.o
 .debug_macro   0x0000b49b      0x64a StdPeriph_Driver/src/misc.o
 .debug_macro   0x0000bae5      0x59e StdPeriph_Driver/src/misc.o
 .debug_macro   0x0000c083      0x342 StdPeriph_Driver/src/misc.o
 .debug_macro   0x0000c3c5      0x36c StdPeriph_Driver/src/misc.o
 .debug_macro   0x0000c731      0x10d StdPeriph_Driver/src/misc.o
 .debug_macro   0x0000c83e      0x73b StdPeriph_Driver/src/misc.o
 .debug_macro   0x0000cf79      0x223 StdPeriph_Driver/src/misc.o
 .debug_macro   0x0000d19c       0x34 StdPeriph_Driver/src/misc.o
 .debug_macro   0x0000d1d0       0x10 StdPeriph_Driver/src/misc.o
 .debug_macro   0x0000d1e0       0x35 StdPeriph_Driver/src/misc.o
 .debug_macro   0x0000d215       0x7c StdPeriph_Driver/src/misc.o
 .debug_macro   0x0000d291      0x1e3 StdPeriph_Driver/src/stm32f4xx_dma.o
 .debug_macro   0x0000d474      0x471 StdPeriph_Driver/src/stm32f4xx_dma.o
 .debug_macro   0x0000d8e5      0x191 StdPeriph_Driver/src/stm32f4xx_exti.o
 .debug_macro   0x0000da76       0xaf StdPeriph_Driver/src/stm32f4xx_exti.o
 .debug_macro   0x0000db25      0x18f StdPeriph_Driver/src/stm32f4xx_gpio.o
 .debug_macro   0x0000dcb4      0x2ee StdPeriph_Driver/src/stm32f4xx_gpio.o
 .debug_macro   0x0000dfa2      0x1a1 StdPeriph_Driver/src/stm32f4xx_i2c.o
 .debug_macro   0x0000e143      0x2b4 StdPeriph_Driver/src/stm32f4xx_i2c.o
 .debug_macro   0x0000e3f7      0x25e StdPeriph_Driver/src/stm32f4xx_rcc.o
 .debug_macro   0x0000e655      0x1dd StdPeriph_Driver/src/stm32f4xx_syscfg.o
 .debug_macro   0x0000e832      0x107 StdPeriph_Driver/src/stm32f4xx_syscfg.o
 .debug_macro   0x0000e939      0x1b9 StdPeriph_Driver/src/stm32f4xx_tim.o
 .debug_macro   0x0000eaf2      0x735 StdPeriph_Driver/src/stm32f4xx_tim.o
 .debug_macro   0x0000f227      0x1a7 StdPeriph_Driver/src/stm32f4xx_usart.o
 .debug_macro   0x0000f3ce      0x21d StdPeriph_Driver/src/stm32f4xx_usart.o
 .debug_macro   0x0000f5eb      0x1a3 src/Camera_control.o
 .debug_macro   0x0000f78e       0x22 src/Camera_control.o
 .debug_macro   0x0000f7b0       0x10 src/Camera_control.o
 .debug_macro   0x0000f7c0      0x1a2 src/GPIO_config.o
 .debug_macro   0x0000f962      0x1b9 src/main.o
 .debug_macro   0x0000fb1b      0x1a5 src/system_stm32f4xx.o
 .debug_macro   0x0000fcc0      0x18d src/usart.o

.debug_line     0x00000000     0x6b60
 .debug_line    0x00000000      0x5f0 StdPeriph_Driver/src/misc.o
 .debug_line    0x000005f0      0x7d1 StdPeriph_Driver/src/stm32f4xx_dma.o
 .debug_line    0x00000dc1      0x63e StdPeriph_Driver/src/stm32f4xx_exti.o
 .debug_line    0x000013ff      0x716 StdPeriph_Driver/src/stm32f4xx_gpio.o
 .debug_line    0x00001b15      0x8aa StdPeriph_Driver/src/stm32f4xx_i2c.o
 .debug_line    0x000023bf      0x9a0 StdPeriph_Driver/src/stm32f4xx_rcc.o
 .debug_line    0x00002d5f      0x611 StdPeriph_Driver/src/stm32f4xx_syscfg.o
 .debug_line    0x00003370      0xe68 StdPeriph_Driver/src/stm32f4xx_tim.o
 .debug_line    0x000041d8      0x85c StdPeriph_Driver/src/stm32f4xx_usart.o
 .debug_line    0x00004a34      0x7c1 src/Camera_control.o
 .debug_line    0x000051f5      0x650 src/GPIO_config.o
 .debug_line    0x00005845      0x6e6 src/main.o
 .debug_line    0x00005f2b      0x5e7 src/system_stm32f4xx.o
 .debug_line    0x00006512      0x5d2 src/usart.o
 .debug_line    0x00006ae4       0x7c startup/startup_stm32.o

.debug_str      0x00000000    0x56960
 .debug_str     0x00000000    0x5305a StdPeriph_Driver/src/misc.o
                              0x531f7 (size before relaxing)
 .debug_str     0x0005305a      0x6ae StdPeriph_Driver/src/stm32f4xx_dma.o
                              0x5365d (size before relaxing)
 .debug_str     0x00053708      0x1ce StdPeriph_Driver/src/stm32f4xx_exti.o
                              0x5316d (size before relaxing)
 .debug_str     0x000538d6      0x2b0 StdPeriph_Driver/src/stm32f4xx_gpio.o
                              0x5329f (size before relaxing)
 .debug_str     0x00053b86      0x4ed StdPeriph_Driver/src/stm32f4xx_i2c.o
                              0x53515 (size before relaxing)
 .debug_str     0x00054073      0xc37 StdPeriph_Driver/src/stm32f4xx_rcc.o
                              0x53cfe (size before relaxing)
 .debug_str     0x00054caa      0x40c StdPeriph_Driver/src/stm32f4xx_syscfg.o
                              0x533bd (size before relaxing)
 .debug_str     0x000550b6      0xc11 StdPeriph_Driver/src/stm32f4xx_tim.o
                              0x53c96 (size before relaxing)
 .debug_str     0x00055cc7      0x53a StdPeriph_Driver/src/stm32f4xx_usart.o
                              0x535b2 (size before relaxing)
 .debug_str     0x00056201      0x1b4 src/Camera_control.o
                              0x535b1 (size before relaxing)
 .debug_str     0x000563b5      0x418 src/GPIO_config.o
                              0x536c4 (size before relaxing)
 .debug_str     0x000567cd       0x7a src/main.o
                              0x53129 (size before relaxing)
 .debug_str     0x00056847       0xae src/system_stm32f4xx.o
                              0x531bf (size before relaxing)
 .debug_str     0x000568f5       0x42 src/usart.o
                              0x53243 (size before relaxing)
 .debug_str     0x00056937       0x29 startup/startup_stm32.o
                                 0x5c (size before relaxing)

.comment        0x00000000       0x7f
 .comment       0x00000000       0x7f StdPeriph_Driver/src/misc.o
                                 0x80 (size before relaxing)
 .comment       0x0000007f       0x80 StdPeriph_Driver/src/stm32f4xx_dma.o
 .comment       0x0000007f       0x80 StdPeriph_Driver/src/stm32f4xx_exti.o
 .comment       0x0000007f       0x80 StdPeriph_Driver/src/stm32f4xx_gpio.o
 .comment       0x0000007f       0x80 StdPeriph_Driver/src/stm32f4xx_i2c.o
 .comment       0x0000007f       0x80 StdPeriph_Driver/src/stm32f4xx_rcc.o
 .comment       0x0000007f       0x80 StdPeriph_Driver/src/stm32f4xx_syscfg.o
 .comment       0x0000007f       0x80 StdPeriph_Driver/src/stm32f4xx_tim.o
 .comment       0x0000007f       0x80 StdPeriph_Driver/src/stm32f4xx_usart.o
 .comment       0x0000007f       0x80 src/Camera_control.o
 .comment       0x0000007f       0x80 src/GPIO_config.o
 .comment       0x0000007f       0x80 src/main.o
 .comment       0x0000007f       0x80 src/system_stm32f4xx.o
 .comment       0x0000007f       0x80 src/usart.o

.debug_frame    0x00000000     0x2e38
 .debug_frame   0x00000000       0xd8 StdPeriph_Driver/src/misc.o
 .debug_frame   0x000000d8      0x308 StdPeriph_Driver/src/stm32f4xx_dma.o
 .debug_frame   0x000003e0      0x148 StdPeriph_Driver/src/stm32f4xx_exti.o
 .debug_frame   0x00000528      0x23c StdPeriph_Driver/src/stm32f4xx_gpio.o
 .debug_frame   0x00000764      0x580 StdPeriph_Driver/src/stm32f4xx_i2c.o
 .debug_frame   0x00000ce4      0x774 StdPeriph_Driver/src/stm32f4xx_rcc.o
 .debug_frame   0x00001458      0x11c StdPeriph_Driver/src/stm32f4xx_syscfg.o
 .debug_frame   0x00001574      0xe54 StdPeriph_Driver/src/stm32f4xx_tim.o
 .debug_frame   0x000023c8      0x490 StdPeriph_Driver/src/stm32f4xx_usart.o
 .debug_frame   0x00002858      0x1c4 src/Camera_control.o
 .debug_frame   0x00002a1c       0xa0 src/GPIO_config.o
 .debug_frame   0x00002abc       0xb0 src/main.o
 .debug_frame   0x00002b6c       0x74 src/system_stm32f4xx.o
 .debug_frame   0x00002be0       0x98 src/usart.o
 .debug_frame   0x00002c78       0x2c e:/ac6/systemworkbench/plugins/fr.ac6.mcu.externaltools.arm-none.win32_1.17.0.201812190825/tools/compiler/bin/../lib/gcc/arm-none-eabi/7.3.1/../../../../arm-none-eabi/lib/thumb/v7e-m/fpv4-sp/hard\libc.a(lib_a-init.o)
 .debug_frame   0x00002ca4       0x5c e:/ac6/systemworkbench/plugins/fr.ac6.mcu.externaltools.arm-none.win32_1.17.0.201812190825/tools/compiler/bin/../lib/gcc/arm-none-eabi/7.3.1/../../../../arm-none-eabi/lib/thumb/v7e-m/fpv4-sp/hard\libc.a(lib_a-__call_atexit.o)
 .debug_frame   0x00002d00       0x20 e:/ac6/systemworkbench/plugins/fr.ac6.mcu.externaltools.arm-none.win32_1.17.0.201812190825/tools/compiler/bin/../lib/gcc/arm-none-eabi/7.3.1/../../../../arm-none-eabi/lib/thumb/v7e-m/fpv4-sp/hard\libc.a(lib_a-atexit.o)
 .debug_frame   0x00002d20       0x34 e:/ac6/systemworkbench/plugins/fr.ac6.mcu.externaltools.arm-none.win32_1.17.0.201812190825/tools/compiler/bin/../lib/gcc/arm-none-eabi/7.3.1/../../../../arm-none-eabi/lib/thumb/v7e-m/fpv4-sp/hard\libc.a(lib_a-fini.o)
 .debug_frame   0x00002d54       0xb0 e:/ac6/systemworkbench/plugins/fr.ac6.mcu.externaltools.arm-none.win32_1.17.0.201812190825/tools/compiler/bin/../lib/gcc/arm-none-eabi/7.3.1/../../../../arm-none-eabi/lib/thumb/v7e-m/fpv4-sp/hard\libc.a(lib_a-lock.o)
 .debug_frame   0x00002e04       0x34 e:/ac6/systemworkbench/plugins/fr.ac6.mcu.externaltools.arm-none.win32_1.17.0.201812190825/tools/compiler/bin/../lib/gcc/arm-none-eabi/7.3.1/../../../../arm-none-eabi/lib/thumb/v7e-m/fpv4-sp/hard\libc.a(lib_a-__atexit.o)
